[fitgirl-repacks.site/all-my-repacks-a-z/index.html]
[backblue.gif]
[fade.gif]
[index.html]
[fitgirl-repacks.site/wp-content/plugins/wp-polls/images/default/pollbg.gif]
[fitgirl-repacks.site/wp-includes/js/jquery/jquery.mina767.js]
[fitgirl-repacks.site/wp-includes/js/jquery/jquery-migrate.min6b00.js]
[fitgirl-repacks.site/wp-content/uploads/2016/08/cropped-icon-32x32.jpg]
[fitgirl-repacks.site/wp-content/uploads/2016/08/cropped-icon-192x192.jpg]
[fitgirl-repacks.site/wp-content/uploads/2016/08/cropped-icon-180x180.jpg]
[fitgirl-repacks.site/all-my-repacks-a-z/indexc8c6.html]
[fitgirl-repacks.site/wp-content/plugins/social-polls-by-opinionstage/public/js/shortcodes300a.js]
[fitgirl-repacks.site/all-my-repacks-a-z/index7119.html]
[fitgirl-repacks.site/wp-content/plugins/wp-polls/polls-jsc207.js]
[fitgirl-repacks.site/all-my-repacks-a-z/index34ec.html]
[fitgirl-repacks.site/all-my-repacks-a-z/indexcf5d.html]
[fitgirl-repacks.site/wp-content/themes/twentyfourteen/js/functions2f4e.js]
[fitgirl-repacks.site/all-my-repacks-a-z/index.html]
[fitgirl-repacks.site/wp-content/plugins/jetpack/modules/theme-tools/compat/twentyfourteen9273.css]
[fitgirl-repacks.site/wp-includes/css/dist/block-library/style.minae48.css]
[stats.wp.com/e-202326.js]
[fitgirl-repacks.site/wp-includes/js/mediaelement/mediaelementplayer-legacy.min1f61.css]
[fitgirl-repacks.site/wp-includes/js/mediaelement/wp-mediaelement.minae48.css]
[fitgirl-repacks.site/wp-includes/css/classic-themes.minae48.css]
[fitgirl-repacks.site/wp-content/plugins/wp-polls/polls-cssc207.css]
[fitgirl-repacks.site/wp-content/themes/twentyfourteen/fonts/lato/lato-latin-ext-300-normal7e5c.woff2]
[fitgirl-repacks.site/wp-content/themes/twentyfourteen/fonts/lato/lato-all-300-normal7e5c.woff]
[fitgirl-repacks.site/wp-content/themes/twentyfourteen/fonts/lato/lato-latin-300-normal7e5c.woff2]
[fitgirl-repacks.site/wp-content/themes/twentyfourteen/fonts/lato/lato-latin-ext-300-italic7e5c.woff2]
[fitgirl-repacks.site/wp-content/themes/twentyfourteen/fonts/lato/lato-all-300-italic7e5c.woff]
[fitgirl-repacks.site/wp-content/themes/twentyfourteen/fonts/lato/lato-latin-300-italic7e5c.woff2]
[fitgirl-repacks.site/wp-content/themes/twentyfourteen/fonts/lato/lato-latin-ext-400-normal7e5c.woff2]
[fitgirl-repacks.site/wp-content/themes/twentyfourteen/fonts/lato/lato-all-400-normal7e5c.woff]
[fitgirl-repacks.site/wp-content/themes/twentyfourteen/fonts/lato/lato-latin-400-normal7e5c.woff2]
[fitgirl-repacks.site/wp-content/themes/twentyfourteen/fonts/lato/lato-latin-ext-400-italic7e5c.woff2]
[fitgirl-repacks.site/wp-content/themes/twentyfourteen/fonts/lato/lato-all-400-italic7e5c.woff]
[fitgirl-repacks.site/wp-content/themes/twentyfourteen/fonts/lato/lato-latin-400-italic7e5c.woff2]
[fitgirl-repacks.site/wp-content/themes/twentyfourteen/fonts/lato/lato-latin-ext-700-normal7e5c.woff2]
[fitgirl-repacks.site/wp-content/themes/twentyfourteen/fonts/lato/lato-all-700-normal7e5c.woff]
[fitgirl-repacks.site/wp-content/themes/twentyfourteen/fonts/lato/lato-latin-700-normal7e5c.woff2]
[fitgirl-repacks.site/wp-content/themes/twentyfourteen/fonts/lato/lato-latin-ext-700-italic7e5c.woff2]
[fitgirl-repacks.site/wp-content/themes/twentyfourteen/fonts/lato/lato-all-700-italic7e5c.woff]
[fitgirl-repacks.site/wp-content/themes/twentyfourteen/fonts/lato/lato-latin-700-italic7e5c.woff2]
[fitgirl-repacks.site/wp-content/themes/twentyfourteen/fonts/lato/lato-latin-ext-900-normal7e5c.woff2]
[fitgirl-repacks.site/wp-content/themes/twentyfourteen/fonts/lato/lato-all-900-normal7e5c.woff]
[fitgirl-repacks.site/wp-content/themes/twentyfourteen/fonts/lato/lato-latin-900-normal7e5c.woff2]
[fitgirl-repacks.site/wp-content/themes/twentyfourteen/fonts/font-lato6a62.css]
[fitgirl-repacks.site/wp-content/plugins/jetpack/_inc/genericons/genericons/Genericons.eot]
[fitgirl-repacks.site/wp-content/plugins/jetpack/_inc/genericons/genericons/Genericonsd41d.eot]
[fitgirl-repacks.site/wp-content/plugins/jetpack/_inc/genericons/genericons/Genericons.ttf]
[fitgirl-repacks.site/wp-content/plugins/jetpack/_inc/genericons/genericons/genericons128b.css]
[fitgirl-repacks.site/wp-content/themes/twentyfourteen/style6a62.css]
[fitgirl-repacks.site/wp-content/themes/twentyfourteen/css/blocksda1d.css]
[fitgirl-repacks.site/wp-content/plugins/jetpack/modules/shortcodes/img/slideshow-controls.png]
[fitgirl-repacks.site/wp-content/plugins/jetpack/modules/shortcodes/img/slideshow-controls-2x.png]
[fitgirl-repacks.site/wp-content/plugins/jetpack/modules/shortcodes/images/slide-nav.png]
[fitgirl-repacks.site/wp-content/plugins/jetpack/modules/shortcodes/images/expand.png]
[fitgirl-repacks.site/wp-content/plugins/jetpack/modules/shortcodes/images/collapse.png]
[secure.gravatar.com/images/grav-share-sprite.png]
[fitgirl-repacks.site/wp-content/plugins/jetpack/css/jetpack9273.css]
[fitgirl-repacks.site/wp-content/plugins/wp-latest-posts/css/fonts/material/MaterialIcons-Regular.eot]
[fitgirl-repacks.site/wp-content/plugins/wp-latest-posts/css/fonts/material/MaterialIcons-Regular.woff2]
[fitgirl-repacks.site/wp-content/plugins/wp-latest-posts/css/fonts/material/MaterialIcons-Regular.woff]
[fitgirl-repacks.site/wp-content/plugins/wp-latest-posts/css/fonts/material/MaterialIcons-Regular.ttf]
[fitgirl-repacks.site/wp-content/plugins/wp-latest-posts/css/fonts/flexslider-icon.eot]
[fitgirl-repacks.site/wp-content/plugins/wp-latest-posts/css/fonts/flexslider-icond41d.eot]
[fitgirl-repacks.site/wp-content/plugins/wp-latest-posts/css/fonts/flexslider-icon.woff]
[fitgirl-repacks.site/wp-content/plugins/wp-latest-posts/css/fonts/flexslider-icon.ttf]
[fitgirl-repacks.site/wp-content/plugins/wp-latest-posts/css/wplp_frontaead.css]
[fitgirl-repacks.site/all-my-repacks-a-z/indexc8c6.html]
[fitgirl-repacks.site/all-my-repacks-a-z/indexf71d.html]
[fitgirl-repacks.site/all-my-repacks-a-z/index30a9.html]
[fitgirl-repacks.site/all-my-repacks-a-z/index4182.html]
[fitgirl-repacks.site/all-my-repacks-a-z/index34ec.html]
[fitgirl-repacks.site/all-my-repacks-a-z/index8b44.html]
[fitgirl-repacks.site/all-my-repacks-a-z/index7119.html]
[fitgirl-repacks.site/all-my-repacks-a-z/index79c9.html]
[fitgirl-repacks.site/all-my-repacks-a-z/indexcf5d.html]
[fitgirl-repacks.site/all-my-repacks-a-z/index2343.html]
[fitgirl-repacks.site/wp-content/plugins/list-category-posts/lcp_paginatorae48.css]
[fitgirl-repacks.site/all-my-repacks-a-z/index735e.html]
[fitgirl-repacks.site/all-my-repacks-a-z/indexb63a.html]
[fitgirl-repacks.site/wp-includes/js/mediaelement/mejs-controls.svg]
[fitgirl-repacks.site/all-my-repacks-a-z/indexa40c.html]
[fitgirl-repacks.site/wp-content/plugins/jetpack/_inc/genericons/genericons/Genericons.svg]
[fitgirl-repacks.site/wp-content/themes/twentyfourteen/images/pattern-light.svg]
[fitgirl-repacks.site/wp-content/themes/twentyfourteen/images/pattern-dark.svg]
[fitgirl-repacks.site/wp-content/plugins/wp-latest-posts/css/fonts/flexslider-icon.svg]
[fitgirl-repacks.site/all-my-repacks-a-z/index434e.html]
[fitgirl-repacks.site/all-my-repacks-a-z/indexabb2.html]
[fitgirl-repacks.site/all-my-repacks-a-z/index4182.html]
[fitgirl-repacks.site/all-my-repacks-a-z/index79c9.html]
[fitgirl-repacks.site/all-my-repacks-a-z/indexfce3.html]
[fitgirl-repacks.site/all-my-repacks-a-z/index8b44.html]
[fitgirl-repacks.site/all-my-repacks-a-z/index2986.html]
[fitgirl-repacks.site/all-my-repacks-a-z/index2343.html]
[fitgirl-repacks.site/all-my-repacks-a-z/indexc68c.html]
[fitgirl-repacks.site/all-my-repacks-a-z/index6b92.html]
[fitgirl-repacks.site/all-my-repacks-a-z/index735e.html]
[fitgirl-repacks.site/all-my-repacks-a-z/indexb63a.html]
[fitgirl-repacks.site/all-my-repacks-a-z/index24e2.html]
[fitgirl-repacks.site/all-my-repacks-a-z/indexa40c.html]
[fitgirl-repacks.site/all-my-repacks-a-z/index9a0a.html]
[fitgirl-repacks.site/all-my-repacks-a-z/indexabb2.html]
[fitgirl-repacks.site/all-my-repacks-a-z/index4418.html]
[fitgirl-repacks.site/all-my-repacks-a-z/index9b47.html]
[fitgirl-repacks.site/all-my-repacks-a-z/indexfce3.html]
[fitgirl-repacks.site/all-my-repacks-a-z/indexf3b5.html]
[fitgirl-repacks.site/all-my-repacks-a-z/index2986.html]
[fitgirl-repacks.site/all-my-repacks-a-z/indexc68c.html]
[fitgirl-repacks.site/all-my-repacks-a-z/indexa07c.html]
[fitgirl-repacks.site/all-my-repacks-a-z/index6b92.html]
[fitgirl-repacks.site/all-my-repacks-a-z/indexd36d.html]
[fitgirl-repacks.site/all-my-repacks-a-z/index24e2.html]
[fitgirl-repacks.site/all-my-repacks-a-z/index7c5a.html]
[fitgirl-repacks.site/all-my-repacks-a-z/index9a0a.html]
[fitgirl-repacks.site/all-my-repacks-a-z/index598a.html]
[fitgirl-repacks.site/all-my-repacks-a-z/index9b47.html]
[fitgirl-repacks.site/all-my-repacks-a-z/index47d9.html]
[fitgirl-repacks.site/all-my-repacks-a-z/index4418.html]
[fitgirl-repacks.site/all-my-repacks-a-z/indexcf01.html]
[fitgirl-repacks.site/all-my-repacks-a-z/indexf3b5.html]
[fitgirl-repacks.site/all-my-repacks-a-z/indexc778.html]
[fitgirl-repacks.site/all-my-repacks-a-z/indexa07c.html]
[fitgirl-repacks.site/all-my-repacks-a-z/indexca34.html]
[fitgirl-repacks.site/all-my-repacks-a-z/indexed59.html]
[fitgirl-repacks.site/all-my-repacks-a-z/indexd36d.html]
[fitgirl-repacks.site/all-my-repacks-a-z/index622c.html]
[fitgirl-repacks.site/all-my-repacks-a-z/index7c5a.html]
[fitgirl-repacks.site/all-my-repacks-a-z/index598a.html]
[fitgirl-repacks.site/all-my-repacks-a-z/index891f.html]
[fitgirl-repacks.site/all-my-repacks-a-z/index47d9.html]
[fitgirl-repacks.site/all-my-repacks-a-z/index775c.html]
[fitgirl-repacks.site/all-my-repacks-a-z/indexcf01.html]
[fitgirl-repacks.site/all-my-repacks-a-z/index821d.html]
[fitgirl-repacks.site/all-my-repacks-a-z/indexc778.html]
[fitgirl-repacks.site/all-my-repacks-a-z/indexb255.html]
[fitgirl-repacks.site/all-my-repacks-a-z/indexca34.html]
[fitgirl-repacks.site/all-my-repacks-a-z/index5e2c.html]
[fitgirl-repacks.site/all-my-repacks-a-z/indexed59.html]
[fitgirl-repacks.site/all-my-repacks-a-z/indexce37.html]
[fitgirl-repacks.site/all-my-repacks-a-z/index622c.html]
[fitgirl-repacks.site/all-my-repacks-a-z/index933c.html]
[fitgirl-repacks.site/all-my-repacks-a-z/index891f.html]
[fitgirl-repacks.site/all-my-repacks-a-z/index7b7c.html]
[fitgirl-repacks.site/all-my-repacks-a-z/index6da8.html]
[fitgirl-repacks.site/all-my-repacks-a-z/index775c.html]
[fitgirl-repacks.site/all-my-repacks-a-z/index7a2c.html]
[fitgirl-repacks.site/all-my-repacks-a-z/index821d.html]
[fitgirl-repacks.site/all-my-repacks-a-z/indexb255.html]
[fitgirl-repacks.site/all-my-repacks-a-z/index1c9e.html]
[fitgirl-repacks.site/all-my-repacks-a-z/index5e2c.html]
[fitgirl-repacks.site/all-my-repacks-a-z/indexdb4b.html]
[fitgirl-repacks.site/all-my-repacks-a-z/indexce37.html]
[fitgirl-repacks.site/all-my-repacks-a-z/index802e.html]
[fitgirl-repacks.site/all-my-repacks-a-z/index933c.html]
[fitgirl-repacks.site/all-my-repacks-a-z/indexc99d.html]
[fitgirl-repacks.site/all-my-repacks-a-z/index7b7c.html]
[fitgirl-repacks.site/all-my-repacks-a-z/index16b5.html]
[fitgirl-repacks.site/all-my-repacks-a-z/index6da8.html]
[fitgirl-repacks.site/all-my-repacks-a-z/index4a4b.html]
[fitgirl-repacks.site/all-my-repacks-a-z/index7a2c.html]
[fitgirl-repacks.site/all-my-repacks-a-z/index0bfe.html]
[fitgirl-repacks.site/all-my-repacks-a-z/index1c9e.html]
[fitgirl-repacks.site/all-my-repacks-a-z/index6357.html]
[fitgirl-repacks.site/all-my-repacks-a-z/indexffb1.html]
[fitgirl-repacks.site/all-my-repacks-a-z/indexdb4b.html]
[fitgirl-repacks.site/all-my-repacks-a-z/indexcfe9.html]
[fitgirl-repacks.site/all-my-repacks-a-z/index802e.html]
[fitgirl-repacks.site/all-my-repacks-a-z/indexc99d.html]
[fitgirl-repacks.site/all-my-repacks-a-z/index1844.html]
[fitgirl-repacks.site/all-my-repacks-a-z/index16b5.html]
[fitgirl-repacks.site/all-my-repacks-a-z/indexa794.html]
[fitgirl-repacks.site/all-my-repacks-a-z/index4a4b.html]
[fitgirl-repacks.site/all-my-repacks-a-z/indexe757.html]
[fitgirl-repacks.site/all-my-repacks-a-z/indexaaeb.html]
[fitgirl-repacks.site/all-my-repacks-a-z/index0bfe.html]
[fitgirl-repacks.site/all-my-repacks-a-z/index6357.html]
[fitgirl-repacks.site/all-my-repacks-a-z/index1213.html]
[fitgirl-repacks.site/all-my-repacks-a-z/indexffb1.html]
[fitgirl-repacks.site/all-my-repacks-a-z/index83c6.html]
[fitgirl-repacks.site/all-my-repacks-a-z/indexcfe9.html]
[fitgirl-repacks.site/all-my-repacks-a-z/index1af0.html]
[fitgirl-repacks.site/all-my-repacks-a-z/indexdf6c.html]
[fitgirl-repacks.site/all-my-repacks-a-z/index1844.html]
[fitgirl-repacks.site/all-my-repacks-a-z/index0789.html]
[fitgirl-repacks.site/all-my-repacks-a-z/indexa794.html]
[fitgirl-repacks.site/all-my-repacks-a-z/indexc171.html]
[fitgirl-repacks.site/all-my-repacks-a-z/indexe757.html]
[fitgirl-repacks.site/all-my-repacks-a-z/indexaaeb.html]
[fitgirl-repacks.site/all-my-repacks-a-z/index8d5a.html]
[fitgirl-repacks.site/all-my-repacks-a-z/index1213.html]
[fitgirl-repacks.site/all-my-repacks-a-z/indexd5cc.html]
[fitgirl-repacks.site/all-my-repacks-a-z/index83c6.html]
[fitgirl-repacks.site/all-my-repacks-a-z/indexe7bd.html]
[fitgirl-repacks.site/all-my-repacks-a-z/indexdf6c.html]
[fitgirl-repacks.site/all-my-repacks-a-z/index4d36.html]
[fitgirl-repacks.site/all-my-repacks-a-z/index1af0.html]
[fitgirl-repacks.site/all-my-repacks-a-z/index1516.html]
[fitgirl-repacks.site/all-my-repacks-a-z/index4f0c.html]
[fitgirl-repacks.site/all-my-repacks-a-z/index0789.html]
[fitgirl-repacks.site/all-my-repacks-a-z/index3d4b.html]
[fitgirl-repacks.site/all-my-repacks-a-z/indexa832.html]
[fitgirl-repacks.site/all-my-repacks-a-z/indexc171.html]
[fitgirl-repacks.site/all-my-repacks-a-z/index3daf.html]
[fitgirl-repacks.site/all-my-repacks-a-z/index9412.html]
[fitgirl-repacks.site/all-my-repacks-a-z/index438f.html]
[fitgirl-repacks.site/all-my-repacks-a-z/indexd5cc.html]
[fitgirl-repacks.site/all-my-repacks-a-z/index6c69.html]
[fitgirl-repacks.site/all-my-repacks-a-z/index55fd.html]
[fitgirl-repacks.site/all-my-repacks-a-z/index8d5a.html]
[fitgirl-repacks.site/all-my-repacks-a-z/index7447.html]
[fitgirl-repacks.site/all-my-repacks-a-z/index38fd.html]
[fitgirl-repacks.site/all-my-repacks-a-z/indexe7bd.html]
[fitgirl-repacks.site/all-my-repacks-a-z/index40c9.html]
[fitgirl-repacks.site/all-my-repacks-a-z/index4d36.html]
[fitgirl-repacks.site/all-my-repacks-a-z/index1516.html]
[fitgirl-repacks.site/all-my-repacks-a-z/index7a05.html]
[fitgirl-repacks.site/all-my-repacks-a-z/index796f.html]
[fitgirl-repacks.site/all-my-repacks-a-z/index4f0c.html]
[fitgirl-repacks.site/all-my-repacks-a-z/indexd2e3.html]
[fitgirl-repacks.site/all-my-repacks-a-z/index3d4b.html]
[fitgirl-repacks.site/all-my-repacks-a-z/indexa832.html]
[fitgirl-repacks.site/all-my-repacks-a-z/index9412.html]
[fitgirl-repacks.site/all-my-repacks-a-z/index3daf.html]
[fitgirl-repacks.site/all-my-repacks-a-z/index438f.html]
[fitgirl-repacks.site/all-my-repacks-a-z/index6c69.html]
[fitgirl-repacks.site/all-my-repacks-a-z/index7447.html]
[fitgirl-repacks.site/all-my-repacks-a-z/index55fd.html]
[fitgirl-repacks.site/all-my-repacks-a-z/index38fd.html]
[fitgirl-repacks.site/all-my-repacks-a-z/index40c9.html]
[fitgirl-repacks.site/all-my-repacks-a-z/index796f.html]
[fitgirl-repacks.site/all-my-repacks-a-z/index7a05.html]
[fitgirl-repacks.site/all-my-repacks-a-z/indexd2e3.html]
[fitgirl-repacks.site/all-my-repacks-a-z/indexdb42.html]
[fitgirl-repacks.site/all-my-repacks-a-z/indexdb42.html]
[fitgirl-repacks.site/all-my-repacks-a-z/index1533.html]
[fitgirl-repacks.site/all-my-repacks-a-z/index1533.html]
[fitgirl-repacks.site/all-my-repacks-a-z/index24f9.html]
[fitgirl-repacks.site/all-my-repacks-a-z/index24f9.html]
